{
  "objects": [
    {
      "name": "Foo",
      "fields": [
        {
          "name": "x",
          "type": {
            "base_type": "BASE_TYPE_INT",
            "base_size": 4
          },
          "id": 0,
          "span": {
            "file": "testdata/golden/file_identifier_valid.fbs",
            "line": 1,
            "col": 13
          }
        }
      ],
      "span": {
        "file": "testdata/golden/file_identifier_valid.fbs",
        "line": 1,
        "col": 1
      }
    }
  ],
  "file_ident": "ABCD",
  "advanced_features": 0
}